// Jest Snapshot v1, https://goo.gl/fbAQLP

exports[`pages/Home/ChecklistCreator: ChecklistItem should render 1`] = `
<div
  className="ChecklistItem-root-1"
>
  <div
    aria-describedby={undefined}
    className="MuiFormControl-root-4 MuiFormControl-marginNormal-5 ChecklistItem-textField-2"
    onBlur={[Function]}
    onFocus={[Function]}
  >
    <label
      className="MuiFormLabel-root-13 MuiInputLabel-root-8 MuiInputLabel-formControl-9 MuiInputLabel-animated-12 MuiInputLabel-shrink-11"
      data-shrink={true}
      htmlFor="item-0"
    >
      Item
      <span
        className="MuiFormLabel-asterisk-17"
      >
        â€‰*
      </span>
    </label>
    <div
      className="MuiInput-root-18 MuiInput-formControl-19 MuiInput-underline-22"
    >
      <input
        aria-invalid={false}
        aria-required={true}
        autoComplete={undefined}
        autoFocus={undefined}
        className="MuiInput-input-26"
        defaultValue={undefined}
        disabled={false}
        id="item-0"
        name={undefined}
        onBlur={[Function]}
        onChange={[Function]}
        onFocus={[Function]}
        onKeyDown={undefined}
        onKeyUp={undefined}
        placeholder={undefined}
        readOnly={undefined}
        required={true}
        rows={undefined}
        type="text"
        value="Item"
      />
    </div>
  </div>
  <button
    aria-label="delete"
    className="MuiButtonBase-root-46 MuiButton-root-31 MuiButton-raised-36 ChecklistItem-icon-3"
    disabled={false}
    id="delete-item-button"
    onBlur={[Function]}
    onClick={[Function]}
    onFocus={[Function]}
    onKeyDown={[Function]}
    onKeyUp={[Function]}
    onMouseDown={[Function]}
    onMouseLeave={[Function]}
    onMouseUp={[Function]}
    onTouchEnd={[Function]}
    onTouchMove={[Function]}
    onTouchStart={[Function]}
    tabIndex="0"
    type="button"
  >
    <span
      className="MuiButton-label-32"
    >
      <svg
        aria-hidden="true"
        className="MuiSvgIcon-root-49"
        color={undefined}
        focusable="false"
        viewBox="0 0 24 24"
      >
        <path
          d="M6 19c0 1.1.9 2 2 2h8c1.1 0 2-.9 2-2V7H6v12zM19 4h-3.5l-1-1h-5l-1 1H5v2h14V4z"
        />
      </svg>
    </span>
    <span
      className="MuiTouchRipple-root-55"
    />
  </button>
</div>
`;
