// Jest Snapshot v1, https://goo.gl/fbAQLP

exports[`pages/Checklist: List matches snapshot 1`] = `
<div
  className="MuiGrid-container-3"
>
  <div
    className="MuiGrid-item-4 MuiGrid-grid-xs-12-40"
  >
    <h1
      className="MuiTypography-root-93 MuiTypography-headline-98 MuiTypography-gutterBottom-110 MuiTypography-alignCenter-106"
    >
      
    </h1>
  </div>
  <div
    className="MuiGrid-item-4 ListComponent-listGridRoot-1"
  >
    <ul
      className="MuiList-root-117 MuiList-padding-118"
    >
      <div
        className="MuiButtonBase-root-131 MuiListItem-root-121 MuiListItem-dense-125 MuiListItem-gutters-128 MuiListItem-button-129"
        onBlur={[Function]}
        onClick={undefined}
        onFocus={[Function]}
        onKeyDown={[Function]}
        onKeyUp={[Function]}
        onMouseDown={[Function]}
        onMouseLeave={[Function]}
        onMouseUp={[Function]}
        onTouchEnd={[Function]}
        onTouchMove={[Function]}
        onTouchStart={[Function]}
        role="button"
        tabIndex="0"
      >
        <span
          className="MuiButtonBase-root-131 MuiIconButton-root-143 MuiSwitchBase-root-139 MuiCheckbox-root-134 MuiCheckbox-colorSecondary-138 MuiSwitchBase-checked-140 MuiCheckbox-checked-135 ListComponent-checkbox-2"
          onBlur={[Function]}
          onFocus={[Function]}
          onKeyDown={[Function]}
          onKeyUp={[Function]}
          onMouseDown={[Function]}
          onMouseLeave={[Function]}
          onMouseUp={[Function]}
          onTouchEnd={[Function]}
          onTouchMove={[Function]}
          onTouchStart={[Function]}
          role={undefined}
          tabIndex={null}
        >
          <span
            className="MuiIconButton-label-148"
          >
            <svg
              aria-hidden="true"
              className="MuiSvgIcon-root-149"
              color={undefined}
              focusable="false"
              viewBox="0 0 24 24"
            >
              <path
                d="M19 3H5c-1.11 0-2 .9-2 2v14c0 1.1.89 2 2 2h14c1.11 0 2-.9 2-2V5c0-1.1-.89-2-2-2zm-9 14l-5-5 1.41-1.41L10 14.17l7.59-7.59L19 8l-9 9z"
              />
            </svg>
            <input
              checked={true}
              className="MuiSwitchBase-input-142"
              disabled={undefined}
              id={undefined}
              name={undefined}
              onChange={[Function]}
              tabIndex={-1}
              type="checkbox"
              value={undefined}
            />
          </span>
        </span>
        <div
          className="MuiListItemText-root-155 MuiListItemText-dense-157"
        />
        <span
          className="MuiTouchRipple-root-161"
        />
      </div>
    </ul>
  </div>
</div>
`;
